---
source: crates/tlang_parser/tests/parser.rs
expression: "parse!(r#\"foo { foo: 1, bar: 2 };\"#)"
---
Node(
  ast_node: Legacy(Module([
    Stmt(
      kind: Expr(Expr(
        kind: Call(
          function: Expr(
            kind: Path(Path(
              segments: [
                Ident(
                  name: "foo",
                  span: Span(
                    start: LineColumn(
                      line: 0,
                      column: 0,
                    ),
                    end: LineColumn(
                      line: 0,
                      column: 3,
                    ),
                  ),
                ),
              ],
              span: Span(
                start: LineColumn(
                  line: 0,
                  column: 0,
                ),
                end: LineColumn(
                  line: 0,
                  column: 3,
                ),
              ),
            )),
            symbol_table: None,
            span: Span(
              start: LineColumn(
                line: 0,
                column: 0,
              ),
              end: LineColumn(
                line: 0,
                column: 3,
              ),
            ),
          ),
          arguments: [
            Expr(
              kind: Dict([
                (Expr(
                  kind: Path(Path(
                    segments: [
                      Ident(
                        name: "foo",
                        span: Span(
                          start: LineColumn(
                            line: 0,
                            column: 6,
                          ),
                          end: LineColumn(
                            line: 0,
                            column: 9,
                          ),
                        ),
                      ),
                    ],
                    span: Span(
                      start: LineColumn(
                        line: 0,
                        column: 6,
                      ),
                      end: LineColumn(
                        line: 0,
                        column: 9,
                      ),
                    ),
                  )),
                  symbol_table: None,
                  span: Span(
                    start: LineColumn(
                      line: 0,
                      column: 6,
                    ),
                    end: LineColumn(
                      line: 0,
                      column: 9,
                    ),
                  ),
                ), Expr(
                  kind: Literal(Integer(1)),
                  symbol_table: None,
                  span: Span(
                    start: LineColumn(
                      line: 0,
                      column: 11,
                    ),
                    end: LineColumn(
                      line: 0,
                      column: 12,
                    ),
                  ),
                )),
                (Expr(
                  kind: Path(Path(
                    segments: [
                      Ident(
                        name: "bar",
                        span: Span(
                          start: LineColumn(
                            line: 0,
                            column: 14,
                          ),
                          end: LineColumn(
                            line: 0,
                            column: 17,
                          ),
                        ),
                      ),
                    ],
                    span: Span(
                      start: LineColumn(
                        line: 0,
                        column: 14,
                      ),
                      end: LineColumn(
                        line: 0,
                        column: 17,
                      ),
                    ),
                  )),
                  symbol_table: None,
                  span: Span(
                    start: LineColumn(
                      line: 0,
                      column: 14,
                    ),
                    end: LineColumn(
                      line: 0,
                      column: 17,
                    ),
                  ),
                ), Expr(
                  kind: Literal(Integer(2)),
                  symbol_table: None,
                  span: Span(
                    start: LineColumn(
                      line: 0,
                      column: 19,
                    ),
                    end: LineColumn(
                      line: 0,
                      column: 20,
                    ),
                  ),
                )),
              ]),
              symbol_table: None,
              span: Span(
                start: LineColumn(
                  line: 0,
                  column: 0,
                ),
                end: LineColumn(
                  line: 0,
                  column: 0,
                ),
              ),
            ),
          ],
        ),
        symbol_table: None,
        span: Span(
          start: LineColumn(
            line: 0,
            column: 0,
          ),
          end: LineColumn(
            line: 0,
            column: 22,
          ),
        ),
      )),
      span: Span(
        start: LineColumn(
          line: 0,
          column: 0,
        ),
        end: LineColumn(
          line: 0,
          column: 23,
        ),
      ),
      symbol_table: None,
    ),
  ])),
  symbol_table: None,
  span: Span(
    start: LineColumn(
      line: 0,
      column: 0,
    ),
    end: LineColumn(
      line: 0,
      column: 0,
    ),
  ),
)
