---
source: crates/tlang_parser/tests/parser.rs
expression: "parse!(\"(1 + 2) * 3;\")"
---
Module(
  statements: [
    Stmt(
      kind: Expr(Expr(
        kind: BinaryOp(
          op: Multiply,
          lhs: Expr(
            kind: BinaryOp(
              op: Add,
              lhs: Expr(
                kind: Literal(Integer(1)),
                leading_comments: [],
                trailing_comments: [],
                symbol_table: None,
                span: Span(
                  start: LineColumn(
                    line: 0,
                    column: 1,
                  ),
                  end: LineColumn(
                    line: 0,
                    column: 2,
                  ),
                ),
              ),
              rhs: Expr(
                kind: Literal(Integer(2)),
                leading_comments: [],
                trailing_comments: [],
                symbol_table: None,
                span: Span(
                  start: LineColumn(
                    line: 0,
                    column: 5,
                  ),
                  end: LineColumn(
                    line: 0,
                    column: 6,
                  ),
                ),
              ),
            ),
            leading_comments: [],
            trailing_comments: [],
            symbol_table: None,
            span: Span(
              start: LineColumn(
                line: 0,
                column: 0,
              ),
              end: LineColumn(
                line: 0,
                column: 7,
              ),
            ),
          ),
          rhs: Expr(
            kind: Literal(Integer(3)),
            leading_comments: [],
            trailing_comments: [],
            symbol_table: None,
            span: Span(
              start: LineColumn(
                line: 0,
                column: 10,
              ),
              end: LineColumn(
                line: 0,
                column: 11,
              ),
            ),
          ),
        ),
        leading_comments: [],
        trailing_comments: [],
        symbol_table: None,
        span: Span(
          start: LineColumn(
            line: 0,
            column: 0,
          ),
          end: LineColumn(
            line: 0,
            column: 11,
          ),
        ),
      )),
      span: Span(
        start: LineColumn(
          line: 0,
          column: 0,
        ),
        end: LineColumn(
          line: 0,
          column: 12,
        ),
      ),
      leading_comments: [],
      trailing_comments: [],
      symbol_table: None,
    ),
  ],
  symbol_table: None,
  span: Span(
    start: LineColumn(
      line: 0,
      column: 0,
    ),
    end: LineColumn(
      line: 0,
      column: 0,
    ),
  ),
)
