---
source: crates/tlang_parser/tests/parser_dict.rs
expression: "parse! (r\"foo {};\")"
---
Module(
  id: 2,
  statements: [
    Stmt(
      id: 3,
      kind: Expr(Expr(
        id: 6,
        kind: Call(CallExpression(
          callee: Expr(
            id: 4,
            kind: Path(Path(
              segments: [
                Ident(
                  name: "foo",
                  span: Span(
                    start: LineColumn(
                      line: 0,
                      column: 0,
                    ),
                    end: LineColumn(
                      line: 0,
                      column: 3,
                    ),
                  ),
                ),
              ],
              res: Res(
                node_id: None,
              ),
              span: Span(
                start: LineColumn(
                  line: 0,
                  column: 0,
                ),
                end: LineColumn(
                  line: 0,
                  column: 3,
                ),
              ),
            )),
            leading_comments: [],
            trailing_comments: [],
            span: Span(
              start: LineColumn(
                line: 0,
                column: 0,
              ),
              end: LineColumn(
                line: 0,
                column: 3,
              ),
            ),
          ),
          arguments: [
            Expr(
              id: 5,
              kind: Dict([]),
              leading_comments: [],
              trailing_comments: [],
              span: Span(
                start: LineColumn(
                  line: 0,
                  column: 0,
                ),
                end: LineColumn(
                  line: 0,
                  column: 0,
                ),
              ),
            ),
          ],
        )),
        leading_comments: [],
        trailing_comments: [],
        span: Span(
          start: LineColumn(
            line: 0,
            column: 0,
          ),
          end: LineColumn(
            line: 0,
            column: 6,
          ),
        ),
      )),
      span: Span(
        start: LineColumn(
          line: 0,
          column: 0,
        ),
        end: LineColumn(
          line: 0,
          column: 7,
        ),
      ),
      leading_comments: [],
      trailing_comments: [],
    ),
  ],
  span: Span(
    start: LineColumn(
      line: 0,
      column: 0,
    ),
    end: LineColumn(
      line: 0,
      column: 7,
    ),
  ),
)
