---
source: crates/tlang_parser/tests/parser_enum.rs
expression: "parse!(indoc! {\n        \"\n        enum Option {\n            Some(x),\n            None,\n        }\n\n        let x = Option::Some(42);\n    \"\n    })"
---
Node(
  ast_node: Program([
    Node(
      ast_node: EnumDeclaration(
        id: SymbolId(1),
        name: "Option",
        variants: [
          Node(
            ast_node: EnumVariant(
              name: "Some",
              named_fields: false,
              parameters: [
                Node(
                  ast_node: Identifier("x"),
                  symbol_table: None,
                  span: Span(
                    start: LineColumn(
                      line: 0,
                      column: 0,
                    ),
                    end: LineColumn(
                      line: 0,
                      column: 0,
                    ),
                  ),
                ),
              ],
            ),
            symbol_table: None,
            span: Span(
              start: LineColumn(
                line: 0,
                column: 0,
              ),
              end: LineColumn(
                line: 0,
                column: 0,
              ),
            ),
          ),
          Node(
            ast_node: EnumVariant(
              name: "None",
              named_fields: false,
              parameters: [],
            ),
            symbol_table: None,
            span: Span(
              start: LineColumn(
                line: 0,
                column: 0,
              ),
              end: LineColumn(
                line: 0,
                column: 0,
              ),
            ),
          ),
        ],
      ),
      symbol_table: None,
      span: Span(
        start: LineColumn(
          line: 0,
          column: 0,
        ),
        end: LineColumn(
          line: 3,
          column: 2,
        ),
      ),
    ),
    Node(
      ast_node: VariableDeclaration(
        id: SymbolId(2),
        pattern: Node(
          ast_node: Identifier("x"),
          symbol_table: None,
          span: Span(
            start: LineColumn(
              line: 0,
              column: 0,
            ),
            end: LineColumn(
              line: 0,
              column: 0,
            ),
          ),
        ),
        expression: Node(
          ast_node: Call(
            function: Node(
              ast_node: NestedIdentifier([
                "Option",
                "Some",
              ]),
              symbol_table: None,
              span: Span(
                start: LineColumn(
                  line: 0,
                  column: 0,
                ),
                end: LineColumn(
                  line: 0,
                  column: 0,
                ),
              ),
            ),
            arguments: [
              Node(
                ast_node: Literal(Integer(42)),
                symbol_table: None,
                span: Span(
                  start: LineColumn(
                    line: 5,
                    column: 22,
                  ),
                  end: LineColumn(
                    line: 5,
                    column: 24,
                  ),
                ),
              ),
            ],
          ),
          symbol_table: None,
          span: Span(
            start: LineColumn(
              line: 5,
              column: 9,
            ),
            end: LineColumn(
              line: 5,
              column: 25,
            ),
          ),
        ),
        type_annotation: None,
      ),
      symbol_table: None,
      span: Span(
        start: LineColumn(
          line: 5,
          column: 1,
        ),
        end: LineColumn(
          line: 5,
          column: 26,
        ),
      ),
    ),
  ]),
  symbol_table: None,
  span: Span(
    start: LineColumn(
      line: 0,
      column: 0,
    ),
    end: LineColumn(
      line: 0,
      column: 0,
    ),
  ),
)
