---
source: crates/tlang_parser/tests/parser.rs
expression: "parse!(\"1 + 2 * 3;\")"
---
Node(
  ast_node: Module([
    Node(
      ast_node: ExpressionStatement(Node(
        ast_node: BinaryOp(
          op: Add,
          lhs: Node(
            ast_node: Literal(Integer(1)),
            symbol_table: None,
            span: Span(
              start: LineColumn(
                line: 0,
                column: 0,
              ),
              end: LineColumn(
                line: 0,
                column: 1,
              ),
            ),
          ),
          rhs: Node(
            ast_node: BinaryOp(
              op: Multiply,
              lhs: Node(
                ast_node: Literal(Integer(2)),
                symbol_table: None,
                span: Span(
                  start: LineColumn(
                    line: 0,
                    column: 4,
                  ),
                  end: LineColumn(
                    line: 0,
                    column: 5,
                  ),
                ),
              ),
              rhs: Node(
                ast_node: Literal(Integer(3)),
                symbol_table: None,
                span: Span(
                  start: LineColumn(
                    line: 0,
                    column: 8,
                  ),
                  end: LineColumn(
                    line: 0,
                    column: 9,
                  ),
                ),
              ),
            ),
            symbol_table: None,
            span: Span(
              start: LineColumn(
                line: 0,
                column: 4,
              ),
              end: LineColumn(
                line: 0,
                column: 9,
              ),
            ),
          ),
        ),
        symbol_table: None,
        span: Span(
          start: LineColumn(
            line: 0,
            column: 0,
          ),
          end: LineColumn(
            line: 0,
            column: 9,
          ),
        ),
      )),
      symbol_table: None,
      span: Span(
        start: LineColumn(
          line: 0,
          column: 0,
        ),
        end: LineColumn(
          line: 0,
          column: 10,
        ),
      ),
    ),
  ]),
  symbol_table: None,
  span: Span(
    start: LineColumn(
      line: 0,
      column: 0,
    ),
    end: LineColumn(
      line: 0,
      column: 0,
    ),
  ),
)
