---
source: crates/tlang_parser/tests/parser.rs
expression: "parse! (\"1 * 2 + 3;\")"
---
Module(
  id: NodeId(1),
  statements: [
    Stmt(
      id: NodeId(2),
      kind: Expr(Expr(
        id: NodeId(7),
        kind: BinaryOp(BinaryOpExpression(
          op: Add,
          lhs: Expr(
            id: NodeId(5),
            kind: BinaryOp(BinaryOpExpression(
              op: Multiply,
              lhs: Expr(
                id: NodeId(3),
                kind: Literal(UnsignedInteger(1)),
                leading_comments: [],
                trailing_comments: [],
                span: Span(
                  start: LineColumn(
                    index: 0,
                    line: 0,
                    column: 0,
                  ),
                  end: LineColumn(
                    index: 1,
                    line: 0,
                    column: 1,
                  ),
                ),
              ),
              rhs: Expr(
                id: NodeId(4),
                kind: Literal(UnsignedInteger(2)),
                leading_comments: [],
                trailing_comments: [],
                span: Span(
                  start: LineColumn(
                    index: 4,
                    line: 0,
                    column: 4,
                  ),
                  end: LineColumn(
                    index: 5,
                    line: 0,
                    column: 5,
                  ),
                ),
              ),
            )),
            leading_comments: [],
            trailing_comments: [],
            span: Span(
              start: LineColumn(
                index: 0,
                line: 0,
                column: 0,
              ),
              end: LineColumn(
                index: 0,
                line: 0,
                column: 0,
              ),
            ),
          ),
          rhs: Expr(
            id: NodeId(6),
            kind: Literal(UnsignedInteger(3)),
            leading_comments: [],
            trailing_comments: [],
            span: Span(
              start: LineColumn(
                index: 8,
                line: 0,
                column: 8,
              ),
              end: LineColumn(
                index: 9,
                line: 0,
                column: 9,
              ),
            ),
          ),
        )),
        leading_comments: [],
        trailing_comments: [],
        span: Span(
          start: LineColumn(
            index: 0,
            line: 0,
            column: 0,
          ),
          end: LineColumn(
            index: 9,
            line: 0,
            column: 9,
          ),
        ),
      )),
      span: Span(
        start: LineColumn(
          index: 0,
          line: 0,
          column: 0,
        ),
        end: LineColumn(
          index: 10,
          line: 0,
          column: 10,
        ),
      ),
      leading_comments: [],
      trailing_comments: [],
    ),
  ],
  span: Span(
    start: LineColumn(
      index: 0,
      line: 0,
      column: 0,
    ),
    end: LineColumn(
      index: 0,
      line: 0,
      column: 0,
    ),
  ),
)
