---
source: crates/tlang_parser/tests/parser_fn.rs
expression: "parse!(indoc! {\n        \"\n        fn sum([]) { 0 }\n        fn sum([x, ...xs]) { x + sum(xs) }\n    \"\n    })"
---
Node(
  ast_node: Legacy(Module([
    Stmt(
      kind: FunctionDeclarations([
        Stmt(
          kind: FunctionDeclaration(FunctionDeclaration(
            id: SymbolId(1),
            name: Expr(
              kind: Identifier(Ident(
                name: "sum",
                span: Span(
                  start: LineColumn(
                    line: 0,
                    column: 3,
                  ),
                  end: LineColumn(
                    line: 0,
                    column: 6,
                  ),
                ),
              )),
              symbol_table: None,
              span: Span(
                start: LineColumn(
                  line: 0,
                  column: 3,
                ),
                end: LineColumn(
                  line: 0,
                  column: 6,
                ),
              ),
            ),
            parameters: [
              FunctionParameter(
                pattern: Pattern(
                  kind: List([]),
                  span: Span(
                    start: LineColumn(
                      line: 0,
                      column: 7,
                    ),
                    end: LineColumn(
                      line: 0,
                      column: 9,
                    ),
                  ),
                ),
                type_annotation: None,
                span: Span(
                  start: LineColumn(
                    line: 0,
                    column: 7,
                  ),
                  end: LineColumn(
                    line: 0,
                    column: 9,
                  ),
                ),
              ),
            ],
            guard: None,
            return_type_annotation: None,
            body: Expr(
              kind: Block([], Some(Expr(
                kind: Literal(Integer(0)),
                symbol_table: None,
                span: Span(
                  start: LineColumn(
                    line: 0,
                    column: 13,
                  ),
                  end: LineColumn(
                    line: 0,
                    column: 14,
                  ),
                ),
              ))),
              symbol_table: None,
              span: Span(
                start: LineColumn(
                  line: 0,
                  column: 0,
                ),
                end: LineColumn(
                  line: 0,
                  column: 0,
                ),
              ),
            ),
          )),
          span: Span(
            start: LineColumn(
              line: 0,
              column: 0,
            ),
            end: LineColumn(
              line: 0,
              column: 0,
            ),
          ),
          symbol_table: None,
        ),
        Stmt(
          kind: FunctionDeclaration(FunctionDeclaration(
            id: SymbolId(1),
            name: Expr(
              kind: Identifier(Ident(
                name: "sum",
                span: Span(
                  start: LineColumn(
                    line: 1,
                    column: 4,
                  ),
                  end: LineColumn(
                    line: 1,
                    column: 7,
                  ),
                ),
              )),
              symbol_table: None,
              span: Span(
                start: LineColumn(
                  line: 1,
                  column: 4,
                ),
                end: LineColumn(
                  line: 1,
                  column: 7,
                ),
              ),
            ),
            parameters: [
              FunctionParameter(
                pattern: Pattern(
                  kind: List([
                    Pattern(
                      kind: Identifier(
                        id: SymbolId(2),
                        name: Ident(
                          name: "x",
                          span: Span(
                            start: LineColumn(
                              line: 1,
                              column: 9,
                            ),
                            end: LineColumn(
                              line: 1,
                              column: 10,
                            ),
                          ),
                        ),
                      ),
                      span: Span(
                        start: LineColumn(
                          line: 1,
                          column: 9,
                        ),
                        end: LineColumn(
                          line: 1,
                          column: 10,
                        ),
                      ),
                    ),
                    Pattern(
                      kind: Rest(Pattern(
                        kind: Identifier(
                          id: SymbolId(3),
                          name: Ident(
                            name: "xs",
                            span: Span(
                              start: LineColumn(
                                line: 1,
                                column: 15,
                              ),
                              end: LineColumn(
                                line: 1,
                                column: 17,
                              ),
                            ),
                          ),
                        ),
                        span: Span(
                          start: LineColumn(
                            line: 1,
                            column: 15,
                          ),
                          end: LineColumn(
                            line: 1,
                            column: 17,
                          ),
                        ),
                      )),
                      span: Span(
                        start: LineColumn(
                          line: 0,
                          column: 0,
                        ),
                        end: LineColumn(
                          line: 0,
                          column: 0,
                        ),
                      ),
                    ),
                  ]),
                  span: Span(
                    start: LineColumn(
                      line: 1,
                      column: 8,
                    ),
                    end: LineColumn(
                      line: 1,
                      column: 18,
                    ),
                  ),
                ),
                type_annotation: None,
                span: Span(
                  start: LineColumn(
                    line: 1,
                    column: 8,
                  ),
                  end: LineColumn(
                    line: 1,
                    column: 18,
                  ),
                ),
              ),
            ],
            guard: None,
            return_type_annotation: None,
            body: Expr(
              kind: Block([], Some(Expr(
                kind: BinaryOp(
                  op: Add,
                  lhs: Expr(
                    kind: Identifier(Ident(
                      name: "x",
                      span: Span(
                        start: LineColumn(
                          line: 1,
                          column: 22,
                        ),
                        end: LineColumn(
                          line: 1,
                          column: 23,
                        ),
                      ),
                    )),
                    symbol_table: None,
                    span: Span(
                      start: LineColumn(
                        line: 1,
                        column: 22,
                      ),
                      end: LineColumn(
                        line: 1,
                        column: 23,
                      ),
                    ),
                  ),
                  rhs: Expr(
                    kind: Call(
                      function: Expr(
                        kind: Identifier(Ident(
                          name: "sum",
                          span: Span(
                            start: LineColumn(
                              line: 1,
                              column: 26,
                            ),
                            end: LineColumn(
                              line: 1,
                              column: 29,
                            ),
                          ),
                        )),
                        symbol_table: None,
                        span: Span(
                          start: LineColumn(
                            line: 0,
                            column: 0,
                          ),
                          end: LineColumn(
                            line: 0,
                            column: 0,
                          ),
                        ),
                      ),
                      arguments: [
                        Expr(
                          kind: Identifier(Ident(
                            name: "xs",
                            span: Span(
                              start: LineColumn(
                                line: 1,
                                column: 30,
                              ),
                              end: LineColumn(
                                line: 1,
                                column: 32,
                              ),
                            ),
                          )),
                          symbol_table: None,
                          span: Span(
                            start: LineColumn(
                              line: 1,
                              column: 30,
                            ),
                            end: LineColumn(
                              line: 1,
                              column: 32,
                            ),
                          ),
                        ),
                      ],
                    ),
                    symbol_table: None,
                    span: Span(
                      start: LineColumn(
                        line: 1,
                        column: 26,
                      ),
                      end: LineColumn(
                        line: 1,
                        column: 33,
                      ),
                    ),
                  ),
                ),
                symbol_table: None,
                span: Span(
                  start: LineColumn(
                    line: 1,
                    column: 22,
                  ),
                  end: LineColumn(
                    line: 1,
                    column: 33,
                  ),
                ),
              ))),
              symbol_table: None,
              span: Span(
                start: LineColumn(
                  line: 0,
                  column: 0,
                ),
                end: LineColumn(
                  line: 0,
                  column: 0,
                ),
              ),
            ),
          )),
          span: Span(
            start: LineColumn(
              line: 0,
              column: 0,
            ),
            end: LineColumn(
              line: 0,
              column: 0,
            ),
          ),
          symbol_table: None,
        ),
      ]),
      span: Span(
        start: LineColumn(
          line: 0,
          column: 0,
        ),
        end: LineColumn(
          line: 1,
          column: 35,
        ),
      ),
      symbol_table: None,
    ),
  ])),
  symbol_table: None,
  span: Span(
    start: LineColumn(
      line: 0,
      column: 0,
    ),
    end: LineColumn(
      line: 0,
      column: 0,
    ),
  ),
)
