---
source: crates/tlang_parser/tests/parser_pipeline.rs
expression: "parse!(\"1 + 2 |> foo();\")"
---
Module(
  statements: [
    Stmt(
      kind: Expr(Expr(
        kind: BinaryOp(
          op: Pipeline,
          lhs: Expr(
            kind: BinaryOp(
              op: Add,
              lhs: Expr(
                kind: Literal(Integer(1)),
                symbol_table: None,
                span: Span(
                  start: LineColumn(
                    line: 0,
                    column: 0,
                  ),
                  end: LineColumn(
                    line: 0,
                    column: 1,
                  ),
                ),
              ),
              rhs: Expr(
                kind: Literal(Integer(2)),
                symbol_table: None,
                span: Span(
                  start: LineColumn(
                    line: 0,
                    column: 4,
                  ),
                  end: LineColumn(
                    line: 0,
                    column: 5,
                  ),
                ),
              ),
            ),
            symbol_table: None,
            span: Span(
              start: LineColumn(
                line: 0,
                column: 0,
              ),
              end: LineColumn(
                line: 0,
                column: 0,
              ),
            ),
          ),
          rhs: Expr(
            kind: Call(
              function: Expr(
                kind: Path(Path(
                  segments: [
                    Ident(
                      name: "foo",
                      span: Span(
                        start: LineColumn(
                          line: 0,
                          column: 9,
                        ),
                        end: LineColumn(
                          line: 0,
                          column: 12,
                        ),
                      ),
                    ),
                  ],
                  span: Span(
                    start: LineColumn(
                      line: 0,
                      column: 9,
                    ),
                    end: LineColumn(
                      line: 0,
                      column: 12,
                    ),
                  ),
                )),
                symbol_table: None,
                span: Span(
                  start: LineColumn(
                    line: 0,
                    column: 9,
                  ),
                  end: LineColumn(
                    line: 0,
                    column: 12,
                  ),
                ),
              ),
              arguments: [],
            ),
            symbol_table: None,
            span: Span(
              start: LineColumn(
                line: 0,
                column: 9,
              ),
              end: LineColumn(
                line: 0,
                column: 14,
              ),
            ),
          ),
        ),
        symbol_table: None,
        span: Span(
          start: LineColumn(
            line: 0,
            column: 0,
          ),
          end: LineColumn(
            line: 0,
            column: 14,
          ),
        ),
      )),
      span: Span(
        start: LineColumn(
          line: 0,
          column: 0,
        ),
        end: LineColumn(
          line: 0,
          column: 15,
        ),
      ),
      symbol_table: None,
    ),
  ],
  symbol_table: None,
  span: Span(
    start: LineColumn(
      line: 0,
      column: 0,
    ),
    end: LineColumn(
      line: 0,
      column: 0,
    ),
  ),
)
