---
source: crates/tlang_parser/tests/parser.rs
expression: "parse! (\"let x = match 1 { a if a == 1 => 2, _ => 3 };\")"
---
Module(
  id: NodeId(1),
  statements: [
    Stmt(
      id: NodeId(14),
      kind: Let(LetDeclaration(
        pattern: Pat(
          id: NodeId(2),
          kind: Identifier(Ident(
            name: "x",
            span: Span(
              start: LineColumn(
                line: 0,
                column: 4,
              ),
              end: LineColumn(
                line: 0,
                column: 5,
              ),
            ),
          )),
          leading_comments: [],
          trailing_comments: [],
          span: Span(
            start: LineColumn(
              line: 0,
              column: 4,
            ),
            end: LineColumn(
              line: 0,
              column: 5,
            ),
          ),
        ),
        expression: Expr(
          id: NodeId(13),
          kind: Match(MatchExpression(
            expression: Expr(
              id: NodeId(3),
              kind: Literal(UnsignedInteger(1)),
              leading_comments: [],
              trailing_comments: [],
              span: Span(
                start: LineColumn(
                  line: 0,
                  column: 14,
                ),
                end: LineColumn(
                  line: 0,
                  column: 15,
                ),
              ),
            ),
            arms: [
              MatchArm(
                id: NodeId(9),
                pattern: Pat(
                  id: NodeId(4),
                  kind: Identifier(Ident(
                    name: "a",
                    span: Span(
                      start: LineColumn(
                        line: 0,
                        column: 18,
                      ),
                      end: LineColumn(
                        line: 0,
                        column: 19,
                      ),
                    ),
                  )),
                  leading_comments: [],
                  trailing_comments: [],
                  span: Span(
                    start: LineColumn(
                      line: 0,
                      column: 18,
                    ),
                    end: LineColumn(
                      line: 0,
                      column: 19,
                    ),
                  ),
                ),
                guard: Some(Expr(
                  id: NodeId(7),
                  kind: BinaryOp(BinaryOpExpression(
                    op: Equal,
                    lhs: Expr(
                      id: NodeId(5),
                      kind: Path(Path(
                        segments: [
                          Ident(
                            name: "a",
                            span: Span(
                              start: LineColumn(
                                line: 0,
                                column: 23,
                              ),
                              end: LineColumn(
                                line: 0,
                                column: 24,
                              ),
                            ),
                          ),
                        ],
                        span: Span(
                          start: LineColumn(
                            line: 0,
                            column: 23,
                          ),
                          end: LineColumn(
                            line: 0,
                            column: 24,
                          ),
                        ),
                      )),
                      leading_comments: [],
                      trailing_comments: [],
                      span: Span(
                        start: LineColumn(
                          line: 0,
                          column: 23,
                        ),
                        end: LineColumn(
                          line: 0,
                          column: 24,
                        ),
                      ),
                    ),
                    rhs: Expr(
                      id: NodeId(6),
                      kind: Literal(UnsignedInteger(1)),
                      leading_comments: [],
                      trailing_comments: [],
                      span: Span(
                        start: LineColumn(
                          line: 0,
                          column: 28,
                        ),
                        end: LineColumn(
                          line: 0,
                          column: 29,
                        ),
                      ),
                    ),
                  )),
                  leading_comments: [],
                  trailing_comments: [],
                  span: Span(
                    start: LineColumn(
                      line: 0,
                      column: 23,
                    ),
                    end: LineColumn(
                      line: 0,
                      column: 29,
                    ),
                  ),
                )),
                expression: Expr(
                  id: NodeId(8),
                  kind: Literal(UnsignedInteger(2)),
                  leading_comments: [],
                  trailing_comments: [],
                  span: Span(
                    start: LineColumn(
                      line: 0,
                      column: 33,
                    ),
                    end: LineColumn(
                      line: 0,
                      column: 34,
                    ),
                  ),
                ),
              ),
              MatchArm(
                id: NodeId(12),
                pattern: Pat(
                  id: NodeId(10),
                  kind: Wildcard,
                  leading_comments: [],
                  trailing_comments: [],
                  span: Span(
                    start: LineColumn(
                      line: 0,
                      column: 36,
                    ),
                    end: LineColumn(
                      line: 0,
                      column: 37,
                    ),
                  ),
                ),
                guard: None,
                expression: Expr(
                  id: NodeId(11),
                  kind: Literal(UnsignedInteger(3)),
                  leading_comments: [],
                  trailing_comments: [],
                  span: Span(
                    start: LineColumn(
                      line: 0,
                      column: 41,
                    ),
                    end: LineColumn(
                      line: 0,
                      column: 42,
                    ),
                  ),
                ),
              ),
            ],
          )),
          leading_comments: [],
          trailing_comments: [],
          span: Span(
            start: LineColumn(
              line: 0,
              column: 8,
            ),
            end: LineColumn(
              line: 0,
              column: 44,
            ),
          ),
        ),
        type_annotation: None,
      )),
      span: Span(
        start: LineColumn(
          line: 0,
          column: 0,
        ),
        end: LineColumn(
          line: 0,
          column: 45,
        ),
      ),
      leading_comments: [],
      trailing_comments: [],
    ),
  ],
  span: Span(
    start: LineColumn(
      line: 0,
      column: 0,
    ),
    end: LineColumn(
      line: 0,
      column: 0,
    ),
  ),
)
