=== Advanced Function Composition Test ===
6
120
15
30
125
289
0
1
1
1
2
1
2
3