=== JavaScript Backend Failures ===
positive
zero or negative
3
2
1