Testing invalid Unicode escapes
Bad escape: \u{
Bad escape: \u{}}
Bad escape: \u{XYZ}}
Bad escape: \u{7}}
Bad escape: \u{}}
Bad escape: \u{}}
Bad escape: \uTest
Good: A, Bad: \u{XYZ}}, Good: B
\u{}}
