=== String Processing Demo ===
Palindrome tests:
[true, false, true, false, true]
String reversal:
olleh
dlrow
Character counting:
2
3
Alphabetic string tests:
[false, false, true, false]