---
source: crates/tlang_test_runner/src/main.rs
expression: apply_redactions(&output)
input_file: tests/loops/for_loops/with_pattern_accumulator.tlang
---
[ [ 2, 4 ], [ 1, 3 ] ]
