---
source: crates/tlang_test_runner/src/main.rs
expression: output
input_file: tests/algorithms/sorting.tlang
---
=== Simple Algorithms Demo ===
Original data:
[ 5, 2, 8, 1, 9, 3 ]
Insertion sort:
[ 1, 2, 3, 5, 8, 9 ]
Quicksort:
[ 1, 2, 3, 5, 8, 9 ]
Min and max:
1
9
Reversed:
[ 3, 9, 1, 8, 2, 5 ]
Empty list sort:
[]
Single element:
[ 42 ]
