---
source: crates/tlang_test_runner/src/main.rs
expression: apply_redactions(&output)
input_file: tests/functions/pipeline/pipeline.tlang
---
120
