---
source: crates/tlang_test_runner/src/main.rs
expression: apply_redactions(&output)
input_file: tests/expressions/complex_nesting/nested_conditions.tlang
---
positive
