---
source: crates/tlang_test_runner/src/main.rs
expression: apply_redactions(&output)
input_file: tests/functions/fib/tail_rec.tlang
---
12586269025
