---
source: crates/tlang_test_runner/src/main.rs
expression: output
input_file: tests/loops/simple_loop.tlang
---
10
