---
source: crates/tlang_codegen_js/tests/generator_expression_flattening.rs
expression: output
---
function test_nested_complex_expression() {
    let $hir$0 = undefined;
    if (true) {
        let x = 42;
        $hir$0 = 42 > 0;
    } else {
        let y = 0;
        $hir$0 = 0 === 0;
    }
    let $hir$1 = undefined;
    if ($hir$0) {
        $hir$1 = "positive";
    } else {
        $hir$1 = "negative";
    }
    return $hir$1;
}
