---
source: crates/tlang_codegen_js/tests/hir_js_pass.rs
expression: pretty_print(&hir)
---
fn main() -> unknown {
    {
        __TEMP_VAR_BLOCK__("$tmp$0", {
            let y: unknown = 1;
            ($tmp$0 = (y + 2));
        });
        let x: unknown = $tmp$0;
        println(x);
    };
}
